name                                                                                                                             dbid   sid                                                                                                                                                                          mode   status      status2     crdate                  reserved                category    cmptlevel filename                                                                                                                                                                                                                                                         version
-------------------------------------------------------------------------------------------------------------------------------- ------ ---------------------------------------------------------------------------------------------------------------------------------------------------------------------------- ------ ----------- ----------- ----------------------- ----------------------- ----------- --------- ---------------------------------------------------------------------------------------------------------------------------------------------------------------------------------------------------------------------------------------------------------------- -------
master                                                                                                                           1      0x01                                                                                                                                                                         0      65544       1090520064  2003-04-08 09:13:36.390 1900-01-01 00:00:00.000 0           150       C:\Program Files\Microsoft SQL Server\MSSQL15.BOOTCAMP\MSSQL\DATA\master.mdf                                                                                                                                                                                     904
tempdb                                                                                                                           2      0x01                                                                                                                                                                         0      65544       1090520064  2020-07-26 15:04:45.887 1900-01-01 00:00:00.000 0           150       C:\Program Files\Microsoft SQL Server\MSSQL15.BOOTCAMP\MSSQL\DATA\tempdb.mdf                                                                                                                                                                                     904
model                                                                                                                            3      0x01                                                                                                                                                                         0      65536       1090519040  2003-04-08 09:13:36.390 1900-01-01 00:00:00.000 0           150       C:\Program Files\Microsoft SQL Server\MSSQL15.BOOTCAMP\MSSQL\DATA\model.mdf                                                                                                                                                                                      904
msdb                                                                                                                             4      0x01                                                                                                                                                                         0      65544       1627390976  2019-09-24 14:21:42.270 1900-01-01 00:00:00.000 0           150       C:\Program Files\Microsoft SQL Server\MSSQL15.BOOTCAMP\MSSQL\DATA\MSDBData.mdf                                                                                                                                                                                   904
BD_BOOTCAMP                                                                                                                      5      0x010500000000000515000000FBA2839D77D80C83BBEE690AE9030000                                                                                                                   0      65536       1627389952  2020-07-16 18:03:35.470 1900-01-01 00:00:00.000 0           150       C:\Program Files\Microsoft SQL Server\MSSQL15.BOOTCAMP\MSSQL\DATA\BD_BOOTCAMP.mdf                                                                                                                                                                                904

(5 linhas afetadas)


Horário de conclusão: 2020-07-26T15:23:36.0165750-03:00
